// Jest Snapshot v1, https://goo.gl/fbAQLP

exports[`Testing event item component should match snapshot 1`] = `
<div>
  <li
    class="event-item__ItemList-sc-17tjptx-0 kaxmkx"
  >
    <div
      style="display: inline-block; max-width: 100%; overflow: hidden; position: relative; box-sizing: border-box; margin: 0px;"
    >
      <div
        style="box-sizing: border-box; display: block; max-width: 100%;"
      >
        <img
          alt=""
          aria-hidden="true"
          role="presentation"
          src="data:image/svg+xml;base64,PHN2ZyB3aWR0aD0iMjUwIiBoZWlnaHQ9IjE2MCIgeG1sbnM9Imh0dHA6Ly93d3cudzMub3JnLzIwMDAvc3ZnIiB2ZXJzaW9uPSIxLjEiLz4="
          style="max-width: 100%; display: block; margin: 0px; padding: 0px;"
        />
      </div>
      <img
        alt="Programming for everyone"
        decoding="async"
        src="data:image/gif;base64,R0lGODlhAQABAIAAAAAAAP///yH5BAEAAAAALAAAAAABAAEAAAIBRAA7"
        style="visibility: hidden; position: absolute; top: 0px; left: 0px; bottom: 0px; right: 0px; box-sizing: border-box; padding: 0px; margin: auto; display: block; width: 0px; height: 0px; min-width: 100%; max-width: 100%; min-height: 100%; max-height: 100%;"
      />
    </div>
    <div
      class="event-item__ItemContainer-sc-17tjptx-1 dLHYQx"
    >
      <div>
        <h2>
          Programming for everyone
        </h2>
        <div
          class="event-item__ItemDiv-sc-17tjptx-2 jIlhGi"
        >
          <svg
            fill="none"
            stroke="currentColor"
            viewBox="0 0 24 24"
            xmlns="http://www.w3.org/2000/svg"
          >
            <path
              d="M8 7V3m8 4V3m-9 8h10M5 21h14a2 2 0 002-2V7a2 2 0 00-2-2H5a2 2 0 00-2 2v12a2 2 0 002 2z"
              stroke-linecap="round"
              stroke-linejoin="round"
              stroke-width="2"
            />
          </svg>
          <time>
            May 11, 2021
          </time>
        </div>
        <div
          class="event-item__ItemDiv-sc-17tjptx-2 jIlhGi"
        >
          <svg
            fill="none"
            stroke="currentColor"
            viewBox="0 0 24 24"
            xmlns="http://www.w3.org/2000/svg"
          >
            <path
              d="M17.657 16.657L13.414 20.9a1.998 1.998 0 01-2.827 0l-4.244-4.243a8 8 0 1111.314 0z"
              stroke-linecap="round"
              stroke-linejoin="round"
              stroke-width="2"
            />
            <path
              d="M15 11a3 3 0 11-6 0 3 3 0 016 0z"
              stroke-linecap="round"
              stroke-linejoin="round"
              stroke-width="2"
            />
          </svg>
          <address>
            Somestreet 25
12345 San Somewhereo
          </address>
        </div>
      </div>
      <div
        class="event-item__Action-sc-17tjptx-3 eKXutc"
      >
        <div
          class="button__Button-sc-nctx7-0 iIPldw"
        >
          <a
            href="/events/e1"
          >
            <span>
              Explore Event
            </span>
            <span
              class="event-item__IconSpan-sc-17tjptx-4 dcHUvz"
            >
              <svg
                fill="currentColor"
                viewBox="0 0 20 20"
                xmlns="http://www.w3.org/2000/svg"
              >
                <path
                  clip-rule="evenodd"
                  d="M12.293 5.293a1 1 0 011.414 0l4 4a1 1 0 010 1.414l-4 4a1 1 0 01-1.414-1.414L14.586 11H3a1 1 0 110-2h11.586l-2.293-2.293a1 1 0 010-1.414z"
                  fill-rule="evenodd"
                />
              </svg>
            </span>
          </a>
        </div>
      </div>
    </div>
  </li>
</div>
`;
